[dl3b]  0 invalid breadth  barrail            resid= 81.258 noul=0.42 D=-1
[dl3b]  1 valid   real     barrail            resid=  0.338 noul=0.54 D=+0
[dl3b]  2 invalid splice   roomd:the-bridge->doctor-canary resid=  1.345 noul=0.25 D=-1
[dl3b]  3 valid   real     roomd:doctor-canary resid=  0.017 noul=0.64 D=+1
[dl3b]  4 valid   real     barrail            resid=  0.354 noul=0.58 D=+0
[dl3b]  5 invalid range    barrail            resid= 94.666 noul=0.16 D=-1
[dl3b]  6 invalid splice   barrail:crossday   resid= 94.157 noul=0.79 D=-1
[dl3b]  7 valid   real     barrail            resid=  0.208 noul=0.58 D=+1
[dl3b]  8 valid   real     roomd:doctor-canary resid=  0.006 noul=0.79 D=+1
[dl3b]  9 invalid rate     barrail            resid=102.244 noul=0.57 D=-1
[dl3b] 10 invalid range    roomd:the-bridge   resid=  0.553 noul=0.50 D=+0
[dl3b] 11 invalid rate     barrail            resid=  0.937 noul=0.20 D=-1
[dl3b] 12 valid   real     roomd:the-bridge   resid=  0.000 noul=0.79 D=+1
[dl3b] 13 invalid breadth  barrail            resid=  0.843 noul=0.40 D=-1
[dl3b] 14 invalid breadth  roomd:doctor-canary resid=  1.039 noul=0.43 D=-1
[dl3b] 15 valid   real     barrail            resid= 81.296 noul=0.78 D=-1
[dl3b] 16 invalid range    roomd:doctor-canary resid=  0.575 noul=0.40 D=-1
[dl3b] 17 invalid splice   barrail:crossday   resid=  0.290 noul=0.75 D=+1
[dl3b] 18 invalid breadth  roomd:the-bridge   resid=  1.266 noul=0.44 D=-1
[dl3b] 19 invalid range    roomd:doctor-canary resid=  0.553 noul=0.29 D=-1
[dl3b] 20 valid   real     barrail            resid=102.147 noul=0.83 D=-1
[dl3b] 21 invalid breadth  barrail            resid=  1.012 noul=0.44 D=-1
[dl3b] 22 valid   real     barrail            resid=  0.357 noul=0.57 D=+0
[dl3b] 23 invalid range    barrail            resid=  1.499 noul=0.16 D=-1
[dl3b] 24 valid   real     barrail            resid=  0.298 noul=0.66 D=+1
[dl3b] 25 valid   real     barrail            resid= 94.143 noul=0.62 D=-1
[dl3b] 26 invalid breadth  roomd:the-bridge   resid=  0.848 noul=0.45 D=-1
[dl3b] 27 invalid breadth  barrail            resid= 81.571 noul=0.60 D=-1
[dl3b] 28 invalid splice   barrail:crossday   resid=  0.178 noul=0.72 D=+1
[dl3b] 29 invalid splice   barrail:crossday   resid= 94.381 noul=0.47 D=-1
[dl3b] 30 invalid splice   barrail:crossday   resid= 94.569 noul=0.36 D=-1
[dl3b] 31 invalid rate     roomd:the-bridge   resid=  0.504 noul=0.35 D=+0
[dl3b] 32 invalid rate     barrail            resid= 94.554 noul=0.29 D=-1
[dl3b] 33 invalid breadth  roomd:doctor-canary resid=  1.062 noul=0.42 D=-1
[dl3b] 34 invalid splice   roomd:the-bridge->doctor-canary resid=  1.397 noul=0.22 D=-1
[dl3b] 35 valid   real     roomd:doctor-canary resid=  0.003 noul=0.78 D=+1
[dl3b] 36 invalid range    barrail            resid=  1.208 noul=0.08 D=-1
[dl3b] 37 valid   real     roomd:doctor-canary resid=  0.007 noul=0.78 D=+1
[dl3b] 38 invalid rate     barrail            resid=  0.823 noul=0.13 D=-1
[dl3b] 39 valid   real     roomd:the-bridge   resid=  0.000 noul=0.78 D=+1
[dl3b] 40 invalid rate     roomd:doctor-canary resid=  0.536 noul=0.44 D=-1
[dl3b] 41 valid   real     roomd:the-bridge   resid=  0.000 noul=0.81 D=+1
[dl3b] 42 valid   real     barrail            resid= 94.146 noul=0.81 D=-1
[dl3b] 43 valid   real     barrail            resid=  0.243 noul=0.79 D=+1
[dl3b] 44 invalid rate     roomd:doctor-canary resid=  0.585 noul=0.35 D=-1
[dl3b] 45 invalid splice   barrail:crossday   resid= 94.606 noul=0.37 D=-1
[dl3b] 46 valid   real     barrail            resid=102.196 noul=0.78 D=-1
[dl3b] 47 valid   real     roomd:the-bridge   resid=  0.000 noul=0.80 D=+1
[dl3b] 48 invalid breadth  roomd:the-bridge   resid=  0.838 noul=0.54 D=-1
[dl3b] 49 valid   real     barrail            resid=  0.235 noul=0.73 D=+1
[dl3b] 50 invalid breadth  barrail            resid= 94.493 noul=0.38 D=-1
[dl3b] 51 valid   real     roomd:doctor-canary resid=  0.059 noul=0.79 D=+1
[dl3b] 52 invalid range    barrail            resid=  0.473 noul=0.60 D=-1
[dl3b] 53 invalid rate     roomd:the-bridge   resid=  0.720 noul=0.32 D=-1
[dl3b] 54 invalid rate     barrail            resid=  0.597 noul=0.46 D=-1
[dl3b] 55 invalid range    barrail            resid= 81.186 noul=0.35 D=-1
[dl3b] 56 invalid range    barrail            resid= 81.337 noul=0.14 D=-1
[dl3b] 57 invalid splice   roomd:doctor-canary->the-bridge resid=  1.351 noul=0.30 D=-1
[dl3b] 58 valid   real     roomd:doctor-canary resid=  0.003 noul=0.77 D=+1
[dl3b] 59 valid   real     barrail            resid= 81.296 noul=0.77 D=-1
[dl3b] 60 valid   real     barrail            resid=  0.281 noul=0.79 D=+1
[dl3b] 61 invalid range    roomd:the-bridge   resid=  1.804 noul=0.15 D=-1
[dl3b] 62 invalid rate     barrail            resid=  0.587 noul=0.25 D=-1
[dl3b] 63 invalid splice   roomd:doctor-canary->the-bridge resid=  1.597 noul=0.25 D=-1
[dl3b] 64 invalid range    roomd:the-bridge   resid=  1.188 noul=0.30 D=-1
[dl3b] 65 valid   real     barrail            resid= 94.101 noul=0.79 D=-1
[dl3b] 66 valid   real     roomd:the-bridge   resid=  0.451 noul=0.80 D=+0
[dl3b] 67 valid   real     roomd:the-bridge   resid=  0.000 noul=0.80 D=+1
[dl3b] 68 invalid range    barrail            resid=  1.011 noul=0.23 D=-1
[dl3b] 69 invalid rate     barrail            resid= 94.685 noul=0.32 D=-1
[dl3b] 70 valid   real     roomd:the-bridge   resid=  0.406 noul=0.80 D=+0
[dl3b] 71 valid   real     barrail            resid= 94.620 noul=0.65 D=-1
[dl3b] 72 valid   real     roomd:the-bridge   resid=  0.000 noul=0.80 D=+1
[dl3b] 73 valid   real     roomd:doctor-canary resid=  0.014 noul=0.79 D=+1
[dl3b] 74 valid   real     barrail            resid=  0.277 noul=0.71 D=+1
[dl3b] 75 invalid splice   roomd:doctor-canary->the-bridge resid=  1.371 noul=0.27 D=-1
[dl3b] 76 valid   real     roomd:doctor-canary resid=  0.059 noul=0.79 D=+0
[dl3b] 77 invalid splice   roomd:doctor-canary->the-bridge resid=  1.381 noul=0.32 D=-1
[dl3b] 78 valid   real     barrail            resid=  0.195 noul=0.58 D=+1
[dl3b] 79 valid   real     roomd:doctor-canary resid=  0.008 noul=0.79 D=+1
[dl3b] 80 invalid breadth  roomd:the-bridge   resid=  0.848 noul=0.37 D=-1
[dl3b] 81 valid   real     barrail            resid=102.074 noul=0.32 D=-1
[dl3b] 82 valid   real     barrail            resid=  0.285 noul=0.61 D=+1
[dl3b] 83 invalid range    roomd:the-bridge   resid=  1.450 noul=0.19 D=-1
[dl3b] 84 valid   real     roomd:doctor-canary resid=  0.006 noul=0.56 D=+1
[dl3b] 85 invalid breadth  barrail            resid= 94.629 noul=0.45 D=-1
[dl3b] 86 valid   real     roomd:doctor-canary resid=  0.003 noul=0.82 D=+1
[dl3b] 87 invalid splice   barrail:crossday   resid=  0.290 noul=0.62 D=+1
[dl3b] 88 valid   real     barrail            resid=  0.419 noul=0.80 D=+0
[dl3b] 89 valid   real     roomd:the-bridge   resid=  0.441 noul=0.80 D=+0
[dl3b] 90 invalid rate     roomd:the-bridge   resid=  0.889 noul=0.33 D=-1
[dl3b] 91 valid   real     roomd:the-bridge   resid=  0.000 noul=0.81 D=+1
[dl3b] 92 valid   real     roomd:doctor-canary resid=  0.015 noul=0.66 D=+1
[dl3b] 93 valid   real     barrail            resid=  0.321 noul=0.21 D=-1
[dl3b] 94 valid   real     roomd:doctor-canary resid=  0.012 noul=0.78 D=+1
[dl3b] 95 invalid splice   roomd:the-bridge->doctor-canary resid=  1.375 noul=0.25 D=-1
[dl3b] 96 invalid breadth  barrail            resid=  0.941 noul=0.43 D=-1
[dl3b] 97 valid   real     barrail            resid= 94.090 noul=0.53 D=-1
[dl3b] 98 valid   real     barrail            resid=  0.333 noul=0.59 D=+0
[dl3b] 99 valid   real     barrail            resid=  0.163 noul=0.69 D=+1
[dl3b] 100 valid   real     roomd:the-bridge   resid=  0.000 noul=0.80 D=+1
[dl3b] 101 invalid range    barrail            resid=  1.824 noul=0.10 D=-1
[dl3b] 102 valid   real     roomd:the-bridge   resid=  0.772 noul=0.52 D=-1
[dl3b] 103 invalid range    roomd:doctor-canary resid=  1.468 noul=0.18 D=-1
[dl3b] 104 invalid breadth  barrail            resid= 94.198 noul=0.48 D=-1
[dl3b] 105 invalid rate     roomd:doctor-canary resid=  0.621 noul=0.42 D=-1
[dl3b] 106 invalid breadth  roomd:the-bridge   resid=  1.052 noul=0.42 D=-1
[dl3b] 107 valid   real     roomd:doctor-canary resid=  0.059 noul=0.78 D=+0
[dl3b] 108 valid   real     barrail            resid=  0.305 noul=0.82 D=+1
[dl3b] 109 invalid rate     barrail            resid=  0.845 noul=0.17 D=-1
[dl3b] 110 valid   real     barrail            resid=102.581 noul=0.58 D=-1
[dl3b] 111 valid   real     roomd:doctor-canary resid=  0.148 noul=0.46 D=+0
[dl3b] 112 valid   real     barrail            resid= 94.614 noul=0.59 D=-1
[dl3b] 113 valid   real     barrail            resid= 80.568 noul=0.54 D=-1
[dl3b] 114 valid   real     roomd:the-bridge   resid=  0.000 noul=0.79 D=+1
[dl3b] 115 invalid splice   roomd:the-bridge->doctor-canary resid=  1.311 noul=0.19 D=-1
[dl3b] 116 valid   real     barrail            resid= 94.100 noul=0.80 D=-1
[dl3b] 117 valid   real     roomd:the-bridge   resid=  0.000 noul=0.81 D=+1
[dl3b] 118 valid   real     roomd:the-bridge   resid=  0.000 noul=0.80 D=+1
[dl3b] 119 invalid rate     roomd:the-bridge   resid=  0.956 noul=0.54 D=-1
wrote /home/eileen/.openclaw/workspace/research/dl3-longitudinal/dl3b_out.json
