[exp1] implausible  {'mag': 0.5} -> noul=0.29 conf=None
[exp1] implausible  {'mag': 1.0} -> noul=0.18 conf=None
[exp1] implausible  {'mag': 1.3} -> noul=0.09 conf=None
[exp1] implausible  {'mag': 1.6} -> noul=0.1 conf=None
[exp1] plausible    {'lam': 0.7} -> noul=0.73 conf=None
[exp1] implausible  {'mag': 0.8} -> noul=0.19 conf=None
[exp1] plausible    {'lam': 1.6} -> noul=0.6 conf=None
[exp1] plausible    {'lam': 0.4} -> noul=0.76 conf=None
[exp1] plausible    {'lam': 2.2} -> noul=0.53 conf=None
[exp1] plausible    {'lam': 1.0} -> noul=0.88 conf=None
[exp2] v_range_0: noul=0.49
[exp2] v_range_1: noul=0.49
[exp2] v_range_2: noul=0.46
[exp2] v_range_3: noul=0.5
[exp2] v_range_4: noul=0.48
[exp2] k_range_0: noul=0.24
[exp2] k_range_1: noul=0.2
[exp2] k_range_2: noul=0.22
[exp2] k_range_3: noul=0.23
[exp2] constrained -> noul=0.67 | unconstrained contrast -> noul=0.06
[exp3:A_wild] round 1 noul=0.27 -> knobs lam=0.91 rho=0.28
[exp3:A_wild] round 2 noul=0.45 -> knobs lam=0.32 rho=0.32
[exp3:A_wild] round 3 noul=0.59 -> knobs lam=0.36 rho=0.27
[exp3:B_borderline] round 1 noul=0.81 -> knobs lam=1.57 rho=0.55
[exp3:B_borderline] round 2 noul=0.43 -> knobs lam=0.55 rho=0.59
[exp3:B_borderline] round 3 noul=0.44 -> knobs lam=0.30 rho=0.63
[exp3:C_calm] round 1 noul=0.77 -> knobs lam=0.56 rho=0.95
[exp3:C_calm] round 2 noul=0.8 -> knobs lam=0.63 rho=0.90
[exp3:C_calm] round 3 noul=0.79 -> knobs lam=0.70 rho=0.85
[exp4] 10/50 done
[exp4] 20/50 done
[exp4] 30/50 done
[exp4] 40/50 done
[exp4] 50/50 done
DONE 40.3s, 72 calls -> /home/eileen/.openclaw/workspace/research/jev-jepa-bilateral/dialogue-results.json
