UNCHANGED	ACE-Step-1.5
UNCHANGED	INTEGRATION_GUIDES
UNCHANGED	SuperInstance-papers
AMENDED	cns-bridge	1 files	02ab195
UNCHANGED	collective-unconscious
UNCHANGED	confidence-cascade
UNCHANGED	covers
UNCHANGED	dual-band-guard
AMENDED	emergence-engine	1 files	59f2d9f
UNCHANGED	fleet-envelope
UNCHANGED	fleet-radio
AMENDED	fleet-wiki	1 files	36c80b3
AMENDED	forgemaster	1 files	e3f1a12
UNCHANGED	gossip-ping
AMENDED	hermes-cloudflare	1 files	e8e238d
AMENDED	hermes-nmi	1 files	fa7d3d2
UNCHANGED	hermes-perception
UNCHANGED	hermes-reader
UNCHANGED	luciddreamer-prototype
AMENDED	plato-portal	1 files	79ac73d
UNCHANGED	platonic-creative-suite
UNCHANGED	platos-shell-ide
UNCHANGED	platos-shell
UNCHANGED	screen-agent
AMENDED	scummvm-prototype	1 files	f7298fa
AMENDED	si-main	2 files	5dd3d27
AMENDED	si-readme	2 files	33f3363
UNCHANGED	silence-map
UNCHANGED	stigmergy
UNCHANGED	study-constraint-papers
UNCHANGED	study-fleet-yaw
UNCHANGED	study-oracle1
UNCHANGED	study-si-papers
AMENDED	study-spreader-tool	1 files	24b1111
AMENDED	superinstance-profile	2 files	b5ff526
UNCHANGED	tap-frontend
UNCHANGED	tensor-midi
AMENDED	the-living-minds	1 files	5a46d9a
UNCHANGED	vessel-agent-system
UNCHANGED	wesley-curriculum
AMENDED	wesley-holodeck	1 files	5936951
UNCHANGED	wesley-journal
UNCHANGED	wesleys-imagination
UNCHANGED	zeroclaw-dissertation
UNCHANGED	zeroclaw
