OK   ACE-Step-1.5 -> 1d9b22c
OK   EXOCORTEX -> ae40f14
OK   INTEGRATION_GUIDES -> ca29e31
FAIL SuperInstance-papers :: To https://github.com/SuperInstance/SuperInstance-papers.git  ! [rejected]        HEAD -> main (fetch first) 
OK   base60-lattice -> 1ff5842
OK   cns-bridge -> 02ab195
OK   cocapn-dashboard -> e9dd884
OK   collective-unconscious -> 35bacdd
OK   compaction-teacher -> 0a36361
OK   confidence-cascade -> cdc6973
OK   covers -> 0b5a13c
OK   dual-band-guard -> e088e64
OK   elephant -> ba67482
OK   emergence-engine -> 59f2d9f
OK   fleet-connections -> 0668cbb
OK   fleet-dashboard -> f165653
OK   fleet-envelope -> 2b15415
OK   fleet-inventory -> 6dcb3e8
OK   fleet-jepa-midi -> 6852750
OK   fleet-memory -> 1b68f68
OK   fleet-radio -> 3230239
OK   fleet-wiki -> 36c80b3
OK   forgemaster -> e3f1a12
OK   gossip-ping -> 754226e
OK   hermes-cloudflare -> e8e238d
OK   hermes-nmi -> fa7d3d2
OK   hermes-perception -> 3210b4b
OK   hermes-reader -> 05e983f
OK   luciddreamer-ai -> a7f126a
OK   luciddreamer-prototype -> 1fb10bc
OK   luciddreamer-research -> 54dea6c
OK   lucineer-brain -> 141eefb
OK   lucineer-creative -> e67c178
OK   lucineer-memory -> b608500
OK   lucineer-roblox -> 0703643
OK   lucineer-system -> 9fc441c
OK   lucineer-vector -> ff5d102
OK   lucineer-worker -> 3f26dde
OK   mud-arena -> 9c3bf5f
OK   mud-engine -> 9ec0ca6
OK   mud2scummvm -> ffde672
OK   officers-quarters -> aa1144f
OK   plainsong -> 1105f13
FAIL plato-portal :: To https://github.com/SuperInstance/plato-portal.git  ! [rejected]        HEAD -> main (fetch first) 
OK   plato-vision-jepa -> 4b8f790
OK   platonic-creative-suite -> 35156c0
OK   platos-shell -> 0828566
OK   platos-shell-ide -> 076688b
OK   roblox-beatclock -> 37cdeac
OK   roblox-bond-system -> e2b9ca9
OK   roblox-filtergate -> c370bc2
OK   room-render -> e64633b
OK   screen-agent -> 2858338
OK   scummvm-arcade -> 63b83ba
OK   scummvm-gui-design -> 50788da
OK   scummvm-prototype -> f7298fa
FAIL si-main :: To https://github.com/SuperInstance/SuperInstance.git  ! [rejected]        HEAD -> main (fetch first) 
FAIL si-readme :: To https://github.com/SuperInstance/SuperInstance.git  ! [rejected]        HEAD -> main (fetch first) 
OK   silence-map -> e500f96
OK   spatial-registry -> 346dd32
OK   stigmergy -> dedbb8c
OK   study-constraint-papers -> 0a4c390
OK   study-fleet-yaw -> b412202
OK   study-flux-lucid -> 0122ebd
OK   study-luciddreamer-vision -> 225c77b
OK   study-oracle1 -> 4e341e1
FAIL study-si-papers :: To github.com:SuperInstance/SuperInstance-papers.git  ! [rejected]        HEAD -> main (fetch first) 
OK   study-spreader-tool -> 24b1111
OK   study-superz -> d517b76
OK   superinstance-profile -> 466bd42
OK   tap-frontend -> 14bc3ff
FAIL tapscript-studio :: To github.com:SuperInstance/tapscript-studio.git  ! [rejected]        HEAD -> master (fetch first) 
OK   technician -> a852131
OK   tensor-midi -> 3faadce
OK   ternary-tenforward -> 35a0b80
OK   terrain -> 3404433
OK   the-living-minds -> 5a46d9a
OK   the-tap -> 7a3703f
OK   vessel-agent-system -> 9fdecdb
OK   vessel-room-navigator -> 37d93aa
OK   vibe-protocol -> 4a7edc2
OK   voxel-logic -> 670acfe
OK   wesley-curriculum -> 97a5ee8
OK   wesley-holodeck -> 5936951
OK   wesley-journal -> f0baf34
OK   wesleys-imagination -> a527e97
OK   zeroclaw -> 21bc2c7
OK   zeroclaw-dissertation -> d686a63
=== DONE ok=82 fail=6 ===
