[ 0.2s] clear     truth=engine     kw=engine     jev=engine     top=0.97 m=0.94
[ 0.5s] clear     truth=engine     kw=engine     jev=engine     top=0.77 m=0.62
[ 0.7s] clear     truth=engine     kw=engine     jev=engine     top=0.71 m=0.53
[ 1.0s] clear     truth=engine     kw=engine     jev=engine     top=0.96 m=0.92
[ 1.3s] clear     truth=engine     kw=engine     jev=engine     top=0.95 m=0.91
[ 1.6s] clear     truth=navigation kw=navigation jev=navigation top=0.82 m=0.52
[ 1.8s] clear     truth=navigation kw=navigation jev=navigation top=0.97 m=0.70
[ 2.1s] clear     truth=navigation kw=navigation jev=navigation top=0.97 m=0.66
[ 2.4s] clear     truth=navigation kw=navigation jev=navigation top=0.87 m=0.57
[ 2.6s] clear     truth=navigation kw=deck       jev=navigation top=0.93 m=0.76
[ 2.8s] clear     truth=deck       kw=deck       jev=ESCALATE   top=0.46 m=0.26
[ 3.1s] clear     truth=deck       kw=deck       jev=deck       top=0.51 m=0.27
[ 3.3s] clear     truth=deck       kw=deck       jev=deck       top=0.73 m=0.25
[ 3.6s] clear     truth=deck       kw=deck       jev=deck       top=0.87 m=0.27
[ 3.8s] clear     truth=deck       kw=deck       jev=deck       top=0.95 m=0.46
[ 4.0s] clear     truth=engine     kw=deck       jev=engine     top=0.83 m=0.77
[ 4.3s] clear     truth=engine     kw=engine     jev=engine     top=0.54 m=0.38
[ 4.5s] clear     truth=engine     kw=deck       jev=engine     top=0.95 m=0.92
[ 4.8s] clear     truth=navigation kw=deck       jev=navigation top=0.97 m=0.36
[ 5.0s] clear     truth=navigation kw=deck       jev=navigation top=0.74 m=0.28
[ 5.3s] boundary  truth=engine     kw=engine     jev=engine     top=0.76 m=0.54
[ 5.6s] boundary  truth=deck       kw=engine     jev=deck       top=0.92 m=0.71
[ 5.8s] boundary  truth=engine     kw=engine     jev=ESCALATE   top=0.43 m=0.02
[ 6.1s] boundary  truth=navigation kw=navigation jev=navigation top=0.74 m=0.31
[ 6.3s] boundary  truth=navigation kw=navigation jev=deck       top=0.55 m=0.29
[ 6.6s] boundary  truth=deck       kw=deck       jev=ESCALATE   top=0.38 m=0.18
[ 6.8s] boundary  truth=engine     kw=engine     jev=ESCALATE   top=0.43 m=0.06
[ 7.1s] boundary  truth=navigation kw=deck       jev=navigation top=0.90 m=0.59
[ 7.3s] boundary  truth=engine     kw=engine     jev=engine     top=0.69 m=0.44
[ 7.5s] boundary  truth=deck       kw=deck       jev=deck       top=0.88 m=0.68
[ 8.8s] boundary  truth=navigation kw=deck       jev=ESCALATE   top=0.39 m=0.11
[ 9.0s] boundary  truth=engine     kw=deck       jev=ESCALATE   top=0.47 m=0.31
[ 9.3s] boundary  truth=navigation kw=deck       jev=navigation top=0.62 m=0.12
[ 9.5s] boundary  truth=navigation kw=deck       jev=deck       top=0.57 m=0.22
[ 9.7s] boundary  truth=deck       kw=deck       jev=deck       top=0.79 m=0.52
[10.0s] boundary  truth=engine     kw=deck       jev=engine     top=0.60 m=0.37
[10.2s] boundary  truth=deck       kw=deck       jev=ESCALATE   top=0.44 m=0.05
[10.4s] boundary  truth=deck       kw=deck       jev=ESCALATE   top=0.38 m=0.25
[10.7s] boundary  truth=engine     kw=engine     jev=ESCALATE   top=0.43 m=0.21
[10.9s] boundary  truth=navigation kw=deck       jev=ESCALATE   top=0.30 m=0.01
[11.1s] offdomain truth=None       kw=deck       jev=deck       top=0.85 m=0.46
[11.4s] offdomain truth=None       kw=deck       jev=deck       top=0.63 m=0.31
[11.6s] offdomain truth=None       kw=deck       jev=deck       top=0.71 m=0.50
[11.8s] offdomain truth=None       kw=deck       jev=deck       top=0.53 m=0.37
[12.0s] offdomain truth=None       kw=deck       jev=deck       top=0.63 m=0.01
[12.3s] offdomain truth=None       kw=deck       jev=ESCALATE   top=0.33 m=0.18
[12.5s] offdomain truth=None       kw=deck       jev=deck       top=0.83 m=0.21
[12.7s] offdomain truth=None       kw=engine     jev=ESCALATE   top=0.43 m=0.15
[12.9s] offdomain truth=None       kw=deck       jev=deck       top=0.84 m=0.44
[13.2s] offdomain truth=None       kw=deck       jev=deck       top=0.88 m=0.34
[13.4s] offdomain truth=None       kw=deck       jev=ESCALATE   top=0.23 m=0.16
[13.7s] offdomain truth=None       kw=deck       jev=navigation top=0.83 m=0.54
[13.9s] offdomain truth=None       kw=deck       jev=deck       top=0.55 m=0.43
[14.1s] offdomain truth=None       kw=deck       jev=deck       top=0.78 m=0.34
[14.3s] offdomain truth=None       kw=deck       jev=deck       top=0.77 m=0.56
[14.6s] offdomain truth=None       kw=deck       jev=deck       top=0.82 m=0.42
[14.8s] offdomain truth=None       kw=deck       jev=deck       top=0.82 m=0.61
[15.0s] offdomain truth=None       kw=deck       jev=navigation top=0.92 m=0.69
[15.3s] offdomain truth=None       kw=deck       jev=deck       top=0.60 m=0.36
[15.5s] offdomain truth=None       kw=deck       jev=deck       top=0.63 m=0.39
wrote /home/eileen/.openclaw/workspace/research/jev-jepa-explore/exp1_out.json
