[ 0.3s]  0 valid   normal    resid=   1.24 jev=0.77 D=+1
[ 0.6s]  1 valid   normal    resid=   1.40 jev=0.82 D=+1
[ 0.8s]  2 invalid medium    resid= 600.69 jev=0.70 D=-1
[ 1.1s]  3 invalid egregious resid=   3.12 jev=0.09 D=-1
[ 1.3s]  4 invalid medium    resid=  12.12 jev=0.31 D=-1
[ 1.5s]  5 valid   normal    resid=   1.98 jev=0.84 D=+1
[ 1.8s]  6 invalid mild      resid=   0.39 jev=0.38 D=+0
[ 2.0s]  7 valid   normal    resid=   0.58 jev=0.84 D=+1
[ 2.2s]  8 invalid egregious resid=   2.50 jev=0.12 D=-1
[ 2.4s]  9 valid   normal    resid=   1.06 jev=0.79 D=+1
[ 2.7s] 10 invalid mild      resid=   0.33 jev=0.46 D=+0
[ 2.9s] 11 valid   normal    resid=   2.20 jev=0.85 D=+1
[ 3.1s] 12 invalid egregious resid=  35.05 jev=0.12 D=-1
[ 3.3s] 13 valid   normal    resid=   0.58 jev=0.88 D=+1
[ 3.6s] 14 valid   normal    resid=   1.06 jev=0.85 D=+1
[ 3.8s] 15 invalid egregious resid=   2.51 jev=0.10 D=-1
[ 4.1s] 16 valid   normal    resid=   0.64 jev=0.83 D=+1
[ 4.3s] 17 invalid mild      resid= 150.71 jev=0.82 D=-1
[ 4.6s] 18 valid   normal    resid=   1.41 jev=0.83 D=+1
[ 4.8s] 19 invalid medium    resid=   1.08 jev=0.21 D=-1
[ 5.0s] 20 valid   normal    resid=   2.07 jev=0.77 D=+1
[ 5.3s] 21 invalid egregious resid=   2.53 jev=0.11 D=-1
[ 5.5s] 22 valid   normal    resid=   3.11 jev=0.74 D=+1
[ 5.7s] 23 valid   normal    resid=   0.72 jev=0.85 D=+1
[ 5.9s] 24 valid   normal    resid=   0.66 jev=0.79 D=+1
[ 6.1s] 25 valid   normal    resid=   1.54 jev=0.89 D=+1
[ 6.3s] 26 invalid egregious resid=   2.51 jev=0.09 D=-1
[ 6.5s] 27 valid   normal    resid=   2.57 jev=0.78 D=+1
[ 6.9s] 28 invalid egregious resid=  35.00 jev=0.28 D=-1
[ 7.1s] 29 valid   normal    resid=   3.30 jev=0.83 D=+1
[ 7.4s] 30 invalid mild      resid=   0.67 jev=0.38 D=+0
[ 7.6s] 31 valid   normal    resid=   2.93 jev=0.77 D=+1
[ 7.8s] 32 invalid medium    resid=  18.01 jev=0.10 D=-1
[ 8.0s] 33 valid   normal    resid=   0.66 jev=0.84 D=+1
[ 8.2s] 34 invalid egregious resid=1299.71 jev=0.33 D=-1
[ 8.5s] 35 valid   normal    resid=   2.39 jev=0.80 D=+1
[ 8.7s] 36 valid   normal    resid=   0.70 jev=0.82 D=+1
[ 8.9s] 37 invalid egregious resid=   2.52 jev=0.13 D=-1
[ 9.2s] 38 valid   normal    resid=   1.23 jev=0.80 D=+1
[ 9.4s] 39 valid   normal    resid=   1.19 jev=0.83 D=+1
[ 9.7s] 40 invalid medium    resid=  12.04 jev=0.18 D=-1
[ 9.9s] 41 invalid medium    resid= 598.41 jev=0.81 D=-1
[10.1s] 42 invalid egregious resid=  35.03 jev=0.18 D=-1
[10.4s] 43 invalid mild      resid=   1.82 jev=0.45 D=+0
[10.8s] 44 invalid medium    resid=   2.17 jev=0.08 D=-1
[11.0s] 45 invalid medium    resid=   2.61 jev=0.10 D=-1
[11.2s] 46 valid   normal    resid=   3.62 jev=0.76 D=+1
[11.5s] 47 invalid mild      resid=   0.34 jev=0.47 D=+0
[11.7s] 48 invalid mild      resid= 150.53 jev=0.87 D=-1
[12.0s] 49 valid   normal    resid=   0.92 jev=0.84 D=+1
[12.2s] 50 valid   normal    resid=   1.17 jev=0.77 D=+1
[12.4s] 51 valid   normal    resid=   1.54 jev=0.82 D=+1
[12.7s] 52 invalid medium    resid=   0.80 jev=0.17 D=-1
[12.9s] 53 invalid mild      resid=   0.25 jev=0.50 D=+1
[13.2s] 54 invalid mild      resid=   6.03 jev=0.35 D=+0
[13.4s] 55 invalid mild      resid= 150.16 jev=0.84 D=-1
[13.6s] 56 valid   normal    resid=   1.88 jev=0.72 D=+1
[13.9s] 57 valid   normal    resid=   1.68 jev=0.69 D=+1
[14.1s] 58 valid   normal    resid=   0.25 jev=0.80 D=+1
[14.3s] 59 invalid medium    resid=   1.44 jev=0.17 D=-1
wrote /home/eileen/.openclaw/workspace/research/jev-jepa-explore/exp4_out.json
